[36m(pid=3614, ip=172.31.33.92)[0m /workspace/simpleRL-reason/env/lib/python3.10/site-packages/torch/cuda/__init__.py:129: UserWarning: CUDA initialization: Unexpected error from cudaGetDeviceCount(). Did you run some cuda functions before calling NumCudaDevices() that might have already set an error? Error 802: system not yet initialized (Triggered internally at /pytorch/c10/cuda/CUDAFunctions.cpp:109.)
[36m(pid=3614, ip=172.31.33.92)[0m   return torch._C._cuda_getDeviceCount() > 0
[36m(pid=3614, ip=172.31.33.92)[0m rank: 0, worker_group_prefix: 6m0voG
[36m(pid=3614, ip=172.31.33.92)[0m rank: 0, worker_group_prefix: 6m0voG
[36m(pid=3614, ip=172.31.33.92)[0m rank: 0, worker_group_prefix: 6m0voG
[36m(pid=3614, ip=172.31.33.92)[0m registering register_center: 6m0voG_register_center
[36m(WorkerDict pid=3614, ip=172.31.33.92)[0m LOCAL_RANK: 0
[36m(WorkerDict pid=3614, ip=172.31.33.92)[0m RANK: 0
[36m(WorkerDict pid=3614, ip=172.31.33.92)[0m WORLD_SIZE: 16
[36m(WorkerDict pid=3614, ip=172.31.33.92)[0m MASTER_ADDR: 172.31.33.92
[36m(WorkerDict pid=3614, ip=172.31.33.92)[0m MASTER_PORT: 45271
[36m(WorkerDict pid=3614, ip=172.31.33.92)[0m CUDA_VISIBLE_DEVICES: 0
[36m(WorkerDict pid=3614, ip=172.31.33.92)[0m Number of available GPUs: 1
[36m(WorkerDict pid=3614, ip=172.31.33.92)[0m Exception raised in creation task: The actor died because of an error raised in its creation task, [36mray::6m0voGWorkerDict_0:0:WorkerDict.__init__()[39m (pid=3614, ip=172.31.33.92, actor_id=31f4068c1c424695183ca26d05000000, repr=<verl.single_controller.ray.base.WorkerDict object at 0x74826c025a20>)
[36m(WorkerDict pid=3614, ip=172.31.33.92)[0m   File "/tmp/ray/session_2025-03-30_00-21-49_688326_2792/runtime_resources/working_dir_files/_ray_pkg_e29b65fa6befab5a/verl/single_controller/ray/base.py", line 451, in __init__
[36m(WorkerDict pid=3614, ip=172.31.33.92)[0m     self.worker_dict[key] = user_defined_cls(*init_args_dict[key].get('args', ()),
[36m(WorkerDict pid=3614, ip=172.31.33.92)[0m   File "/tmp/ray/session_2025-03-30_00-21-49_688326_2792/runtime_resources/working_dir_files/_ray_pkg_e29b65fa6befab5a/verl/workers/fsdp_workers.py", line 92, in __init__
[36m(WorkerDict pid=3614, ip=172.31.33.92)[0m     torch.cuda.set_device(0)
[36m(WorkerDict pid=3614, ip=172.31.33.92)[0m   File "/workspace/simpleRL-reason/env/lib/python3.10/site-packages/torch/cuda/__init__.py", line 476, in set_device
[36m(WorkerDict pid=3614, ip=172.31.33.92)[0m     torch._C._cuda_setDevice(device)
[36m(WorkerDict pid=3614, ip=172.31.33.92)[0m   File "/workspace/simpleRL-reason/env/lib/python3.10/site-packages/torch/cuda/__init__.py", line 319, in _lazy_init
[36m(WorkerDict pid=3614, ip=172.31.33.92)[0m     torch._C._cuda_init()
[36m(WorkerDict pid=3614, ip=172.31.33.92)[0m RuntimeError: Unexpected error from cudaGetDeviceCount(). Did you run some cuda functions before calling NumCudaDevices() that might have already set an error? Error 802: system not yet initialized
Error executing job with overrides: ['algorithm.adv_estimator=grpo', 'data.train_files=/workspace/simpleRL-reason/train.parquet', 'data.val_files=/workspace/simpleRL-reason/test.parquet', 'data.train_batch_size=1024', 'data.val_batch_size=500', 'data.max_prompt_length=1024', 'data.max_response_length=3072', 'actor_rollout_ref.model.path=Qwen/Qwen2.5-Math-7B', 'actor_rollout_ref.actor.optim.lr=5e-7', 'actor_rollout_ref.model.use_remove_padding=True', 'actor_rollout_ref.actor.ppo_mini_batch_size=256', 'actor_rollout_ref.actor.ppo_micro_batch_size_per_gpu=2', 'actor_rollout_ref.actor.use_kl_loss=True', 'actor_rollout_ref.actor.kl_loss_coef=0.0001', 'actor_rollout_ref.actor.entropy_coeff=0.001', 'actor_rollout_ref.actor.clip_ratio=0.2', 'actor_rollout_ref.actor.kl_loss_type=low_var_kl', 'actor_rollout_ref.model.enable_gradient_checkpointing=True', 'actor_rollout_ref.actor.fsdp_config.param_offload=False', 'actor_rollout_ref.actor.fsdp_config.grad_offload=False', 'actor_rollout_ref.actor.fsdp_config.optimizer_offload=False', 'actor_rollout_ref.rollout.temperature=1.0', 'actor_rollout_ref.rollout.log_prob_micro_batch_size=160', 'actor_rollout_ref.rollout.tensor_model_parallel_size=2', 'actor_rollout_ref.rollout.name=vllm', 'actor_rollout_ref.rollout.gpu_memory_utilization=0.75', 'actor_rollout_ref.rollout.n=8', 'actor_rollout_ref.rollout.enable_chunked_prefill=False', 'actor_rollout_ref.rollout.max_num_batched_tokens=5096', 'actor_rollout_ref.rollout.micro_rollout_batch_size=1024', 'actor_rollout_ref.ref.log_prob_micro_batch_size=160', 'actor_rollout_ref.ref.fsdp_config.param_offload=True', 'algorithm.kl_ctrl.kl_coef=0.001', 'critic.ppo_micro_batch_size_per_gpu=4', 'trainer.critic_warmup=0', 'trainer.logger=[console,wandb]', 'trainer.project_name=simplerl-math-grpo', 'trainer.remove_previous_ckpt=False', 'trainer.experiment_name=v1_Qwen_Qwen2.5-Math-7B_batch1024_rollout8_klcoef0.0001_entcoef0.001_simplelr_math_35', 'trainer.n_gpus_per_node=8', 'trainer.nnodes=2', 'trainer.remove_clip=False', 'trainer.save_freq=5', 'trainer.test_freq=5', 'trainer.default_local_dir=/workspace/simpleRL-reason/checkpoints/v1_Qwen_Qwen2.5-Math-7B_batch1024_rollout8_klcoef0.0001_entcoef0.001_simplelr_math_35', 'trainer.total_epochs=20']
Traceback (most recent call last):
  File "/tmp/ray/session_2025-03-30_00-21-49_688326_2792/runtime_resources/working_dir_files/_ray_pkg_e29b65fa6befab5a/verl/trainer/main_ppo.py", line 111, in main
    run_ppo(config)
  File "/tmp/ray/session_2025-03-30_00-21-49_688326_2792/runtime_resources/working_dir_files/_ray_pkg_e29b65fa6befab5a/verl/trainer/main_ppo.py", line 119, in run_ppo
    ray.get(main_task.remote(config, compute_score))
  File "/workspace/simpleRL-reason/env/lib/python3.10/site-packages/ray/_private/auto_init_hook.py", line 21, in auto_init_wrapper
    return fn(*args, **kwargs)
  File "/workspace/simpleRL-reason/env/lib/python3.10/site-packages/ray/_private/client_mode_hook.py", line 103, in wrapper
    return func(*args, **kwargs)
  File "/workspace/simpleRL-reason/env/lib/python3.10/site-packages/ray/_private/worker.py", line 2667, in get
    values, debugger_breakpoint = worker.get_objects(object_refs, timeout=timeout)
  File "/workspace/simpleRL-reason/env/lib/python3.10/site-packages/ray/_private/worker.py", line 864, in get_objects
    raise value.as_instanceof_cause()
ray.exceptions.RayTaskError(AssertionError): [36mray::main_task()[39m (pid=14373, ip=172.31.36.239)
  File "/tmp/ray/session_2025-03-30_00-21-49_688326_2792/runtime_resources/working_dir_files/_ray_pkg_e29b65fa6befab5a/verl/trainer/main_ppo.py", line 204, in main_task
    trainer.init_workers()
  File "/tmp/ray/session_2025-03-30_00-21-49_688326_2792/runtime_resources/working_dir_files/_ray_pkg_e29b65fa6befab5a/verl/trainer/ppo/ray_trainer.py", line 618, in init_workers
    wg_dict = self.ray_worker_group_cls(resource_pool=resource_pool, ray_cls_with_init=worker_dict_cls)
  File "/tmp/ray/session_2025-03-30_00-21-49_688326_2792/runtime_resources/working_dir_files/_ray_pkg_e29b65fa6befab5a/verl/single_controller/ray/base.py", line 199, in __init__
    self._init_with_resource_pool(resource_pool=resource_pool,
  File "/tmp/ray/session_2025-03-30_00-21-49_688326_2792/runtime_resources/working_dir_files/_ray_pkg_e29b65fa6befab5a/verl/single_controller/ray/base.py", line 276, in _init_with_resource_pool
    assert register_center_actor is not None, f"failed to get register_center_actor: {self.name_prefix}_register_center in {list_named_actors(all_namespaces=True)}"
AssertionError: failed to get register_center_actor: 6m0voG_register_center in [{'name': 'datasets_stats_actor', 'namespace': '_dataset_stats_actor'}, {'name': '_ray_internal_job_actor_raysubmit_mNL3xgLymL5e1qdf', 'namespace': 'SUPERVISOR_ACTOR_RAY_NAMESPACE'}]
